
==================== Parser AST ====================

(L
 { T17544_kw.hs:1:1 }
 (HsModule
  (ApiAnn
   { T17544_kw.hs:1:1 }
   (AnnsModule
    [(AddApiAnn AnnModule { T17544_kw.hs:11:1-6 })
    ,(AddApiAnn AnnWhere { T17544_kw.hs:13:13-17 })]
    (AnnList
     (Nothing)
     (Nothing)
     []
     []))
   [])
  (VirtualBraces
   (1))
  (Just
   (L
    { T17544_kw.hs:13:3-11 }
    {ModuleName: T17544_kw}))
  (Nothing)
  []
  [(L
    (SrcSpanAnn (ApiAnnNotUsed) { T17544_kw.hs:(15,1)-(16,20) })
    (TyClD
     (NoExtField)
     (DataDecl
      (ApiAnn
       { T17544_kw.hs:(15,1)-(16,20) }
       [(AddApiAnn AnnData { T17544_kw.hs:15:1-4 })
       ,(AddApiAnn AnnWhere { T17544_kw.hs:16:3-7 })]
       [])
      (L
       (SrcSpanAnn (ApiAnnNotUsed) { T17544_kw.hs:15:6-8 })
       (Unqual
        {OccName: Foo}))
      (HsQTvs
       (NoExtField)
       [])
      (Prefix)
      (HsDataDefn
       (ApiAnn
        { T17544_kw.hs:(15,1)-(16,20) }
        [(AddApiAnn AnnData { T17544_kw.hs:15:1-4 })
        ,(AddApiAnn AnnWhere { T17544_kw.hs:16:3-7 })]
        [])
       (DataType)
       (Nothing)
       (Nothing)
       (Nothing)
       [(L
         (SrcSpanAnn (ApiAnnNotUsed) { T17544_kw.hs:16:9-20 })
         (ConDeclGADT
          (ApiAnn
           { T17544_kw.hs:16:9-20 }
           [(AddApiAnn AnnDcolon { T17544_kw.hs:16:15-16 })]
           [])
          [(L
            (SrcSpanAnn (ApiAnnNotUsed) { T17544_kw.hs:16:9-13 })
            (Unqual
             {OccName: MkFoo}))]
          (L
           (SrcSpanAnn (ApiAnnNotUsed) { T17544_kw.hs:16:18-20 })
           (HsOuterImplicit
            (NoExtField)))
          (Nothing)
          (PrefixConGADT
           [])
          (L
           (SrcSpanAnn (ApiAnnNotUsed) { T17544_kw.hs:16:18-20 })
           (HsTyVar
            (ApiAnn
             { T17544_kw.hs:16:18-20 }
             []
             [])
            (NotPromoted)
            (L
             (SrcSpanAnn (ApiAnnNotUsed) { T17544_kw.hs:16:18-20 })
             (Unqual
              {OccName: Foo}))))
          (Just
           (L
            { T17544_kw.hs:15:10-35 }
            (HsDocString
             " Bad comment for MkFoo")))))]
       []))))
  ,(L
    (SrcSpanAnn (ApiAnnNotUsed) { T17544_kw.hs:(18,1)-(19,26) })
    (TyClD
     (NoExtField)
     (DataDecl
      (ApiAnn
       { T17544_kw.hs:(18,1)-(19,26) }
       [(AddApiAnn AnnNewtype { T17544_kw.hs:18:1-7 })
       ,(AddApiAnn AnnWhere { T17544_kw.hs:19:3-7 })]
       [])
      (L
       (SrcSpanAnn (ApiAnnNotUsed) { T17544_kw.hs:18:9-11 })
       (Unqual
        {OccName: Bar}))
      (HsQTvs
       (NoExtField)
       [])
      (Prefix)
      (HsDataDefn
       (ApiAnn
        { T17544_kw.hs:(18,1)-(19,26) }
        [(AddApiAnn AnnNewtype { T17544_kw.hs:18:1-7 })
        ,(AddApiAnn AnnWhere { T17544_kw.hs:19:3-7 })]
        [])
       (NewType)
       (Nothing)
       (Nothing)
       (Nothing)
       [(L
         (SrcSpanAnn (ApiAnnNotUsed) { T17544_kw.hs:19:9-26 })
         (ConDeclGADT
          (ApiAnn
           { T17544_kw.hs:19:9-26 }
           [(AddApiAnn AnnDcolon { T17544_kw.hs:19:15-16 })]
           [])
          [(L
            (SrcSpanAnn (ApiAnnNotUsed) { T17544_kw.hs:19:9-13 })
            (Unqual
             {OccName: MkBar}))]
          (L
           (SrcSpanAnn (ApiAnnNotUsed) { T17544_kw.hs:19:18-26 })
           (HsOuterImplicit
            (NoExtField)))
          (Nothing)
          (PrefixConGADT
           [(HsScaled
             (HsUnrestrictedArrow
              (NormalSyntax))
             (L
              (SrcSpanAnn (ApiAnn
                           { T17544_kw.hs:19:18-19 }
                           (AnnListItem
                            [(AddRarrowAnn
                              { T17544_kw.hs:19:21-22 })])
                           []) { T17544_kw.hs:19:18-19 })
              (HsTupleTy
               (ApiAnn
                { T17544_kw.hs:19:18 }
                (AnnParen
                 (AnnParens)
                 { T17544_kw.hs:19:18 }
                 { T17544_kw.hs:19:19 })
                [])
               (HsBoxedOrConstraintTuple)
               [])))])
          (L
           (SrcSpanAnn (ApiAnnNotUsed) { T17544_kw.hs:19:24-26 })
           (HsTyVar
            (ApiAnn
             { T17544_kw.hs:19:24-26 }
             []
             [])
            (NotPromoted)
            (L
             (SrcSpanAnn (ApiAnnNotUsed) { T17544_kw.hs:19:24-26 })
             (Unqual
              {OccName: Bar}))))
          (Just
           (L
            { T17544_kw.hs:18:13-38 }
            (HsDocString
             " Bad comment for MkBar")))))]
       []))))
  ,(L
    (SrcSpanAnn (ApiAnnNotUsed) { T17544_kw.hs:(21,1)-(24,18) })
    (TyClD
     (NoExtField)
     (ClassDecl
      ((,)
       (ApiAnn
        { T17544_kw.hs:(21,1)-(24,18) }
        [(AddApiAnn AnnClass { T17544_kw.hs:21:1-5 })
        ,(AddApiAnn AnnWhere { T17544_kw.hs:23:3-7 })]
        [])
       (VirtualBraces
        (5)))
      (Nothing)
      (L
       (SrcSpanAnn (ApiAnnNotUsed) { T17544_kw.hs:21:7-9 })
       (Unqual
        {OccName: Cls}))
      (HsQTvs
       (NoExtField)
       [(L
         (SrcSpanAnn (ApiAnnNotUsed) { T17544_kw.hs:21:11 })
         (UserTyVar
          (ApiAnn
           { T17544_kw.hs:21:11 }
           []
           [])
          (())
          (L
           (SrcSpanAnn (ApiAnnNotUsed) { T17544_kw.hs:21:11 })
           (Unqual
            {OccName: a}))))])
      (Prefix)
      []
      [(L
        (SrcSpanAnn (ApiAnnNotUsed) { T17544_kw.hs:24:5-18 })
        (ClassOpSig
         (ApiAnn
          { T17544_kw.hs:24:5-13 }
          [(AddApiAnn AnnDcolon { T17544_kw.hs:24:15-16 })]
          [])
         (False)
         [(L
           (SrcSpanAnn (ApiAnnNotUsed) { T17544_kw.hs:24:5-13 })
           (Unqual
            {OccName: clsmethod}))]
         (L
            (SrcSpanAnn (ApiAnnNotUsed) { T17544_kw.hs:24:18 })
          (HsSig
           (NoExtField)
           (HsOuterImplicit
            (NoExtField))
           (L
            (SrcSpanAnn (ApiAnnNotUsed) { T17544_kw.hs:24:18 })
            (HsTyVar
             (ApiAnn
              { T17544_kw.hs:24:18 }
              []
              [])
             (NotPromoted)
             (L
              (SrcSpanAnn (ApiAnnNotUsed) { T17544_kw.hs:24:18 })
              (Unqual
               {OccName: a}))))))))]
      {Bag(LocatedA (HsBind GhcPs)):
       []}
      []
      []
      [(L
        (SrcSpanAnn (ApiAnnNotUsed) { T17544_kw.hs:22:5-34 })
        (DocCommentNext
         (HsDocString
          " Bad comment for clsmethod")))])))]
  (Nothing)
  (Just
   (L
    { T17544_kw.hs:12:3-33 }
    (HsDocString
     " Bad comment for the module")))))
