
==================== Parser AST ====================

(L
 { KindSigs.hs:1:1 }
 (HsModule
  (ApiAnn
   (Anchor
    { KindSigs.hs:1:1 })
   (AnnsModule
    [(AddApiAnn AnnModule { KindSigs.hs:6:1-6 })
    ,(AddApiAnn AnnWhere { KindSigs.hs:6:17-21 })]
    (AnnList
     (Nothing)
     (Nothing)
     []
     []))
   [])
  (VirtualBraces
   (1))
  (Just
   (L
    { KindSigs.hs:6:8-15 }
    {ModuleName: KindSigs}))
  (Nothing)
  [(L
    (SrcSpanAnn (ApiAnnNotUsed) { KindSigs.hs:8:1-16 })
    (ImportDecl
     (ApiAnn
      (Anchor
       { KindSigs.hs:8:1-6 })
      (ApiAnnImportDecl
       { KindSigs.hs:8:1-6 }
       (Nothing)
       (Nothing)
       (Nothing)
       (Nothing)
       (Nothing))
      [])
     (NoSourceText)
     (L
      { KindSigs.hs:8:8-16 }
      {ModuleName: Data.Kind})
     (Nothing)
     (NotBoot)
     (False)
     (NotQualified)
     (False)
     (Nothing)
     (Nothing)))]
  [(L
    (SrcSpanAnn (ApiAnnNotUsed) { KindSigs.hs:11:1-17 })
    (TyClD
     (NoExtField)
     (FamDecl
      (NoExtField)
      (FamilyDecl
       (ApiAnn
        (Anchor
         { KindSigs.hs:11:1-23 })
        [(AddApiAnn AnnType { KindSigs.hs:11:1-4 })
        ,(AddApiAnn AnnFamily { KindSigs.hs:11:6-11 })
        ,(AddApiAnn AnnWhere { KindSigs.hs:11:19-23 })]
        [])
       (ClosedTypeFamily
        (Just
         [(L
           (SrcSpanAnn (ApiAnnNotUsed) { KindSigs.hs:12:3-21 })
           (FamEqn
            (ApiAnn
             (Anchor
              { KindSigs.hs:12:3-21 })
             [(AddApiAnn AnnEqual { KindSigs.hs:12:9 })]
             [])
            (L
             (SrcSpanAnn (ApiAnnNotUsed) { KindSigs.hs:12:3-5 })
             (Unqual
              {OccName: Foo}))
            (HsOuterImplicit
             (NoExtField))
            [(HsValArg
              (L
               (SrcSpanAnn (ApiAnnNotUsed) { KindSigs.hs:12:7 })
               (HsTyVar
                (ApiAnn
                 (Anchor
                  { KindSigs.hs:12:7 })
                 []
                 [])
                (NotPromoted)
                (L
                 (SrcSpanAnn (ApiAnnNotUsed) { KindSigs.hs:12:7 })
                 (Unqual
                  {OccName: a})))))]
            (Prefix)
            (L
             (SrcSpanAnn (ApiAnnNotUsed) { KindSigs.hs:12:11-21 })
             (HsKindSig
              (ApiAnn
               (Anchor
                { KindSigs.hs:12:11-13 })
               [(AddApiAnn AnnDcolon { KindSigs.hs:12:15-16 })]
               [])
              (L
               (SrcSpanAnn (ApiAnnNotUsed) { KindSigs.hs:12:11-13 })
               (HsTyVar
                (ApiAnn
                 (Anchor
                  { KindSigs.hs:12:11-13 })
                 []
                 [])
                (NotPromoted)
                (L
                 (SrcSpanAnn (ApiAnnNotUsed) { KindSigs.hs:12:11-13 })
                 (Unqual
                  {OccName: Int}))))
              (L
               (SrcSpanAnn (ApiAnnNotUsed) { KindSigs.hs:12:18-21 })
               (HsTyVar
                (ApiAnn
                 (Anchor
                  { KindSigs.hs:12:18-21 })
                 []
                 [])
                (NotPromoted)
                (L
                 (SrcSpanAnn (ApiAnnNotUsed) { KindSigs.hs:12:18-21 })
                 (Unqual
                  {OccName: Type}))))))))]))
       (TopLevel)
       (L
        (SrcSpanAnn (ApiAnnNotUsed) { KindSigs.hs:11:13-15 })
        (Unqual
         {OccName: Foo}))
       (HsQTvs
        (NoExtField)
        [(L
          (SrcSpanAnn (ApiAnnNotUsed) { KindSigs.hs:11:17 })
          (UserTyVar
           (ApiAnn
            (Anchor
             { KindSigs.hs:11:17 })
            []
            [])
           (())
           (L
            (SrcSpanAnn (ApiAnnNotUsed) { KindSigs.hs:11:17 })
            (Unqual
             {OccName: a}))))])
       (Prefix)
       (L
        { <no location info> }
        (NoSig
         (NoExtField)))
       (Nothing)))))
  ,(L
    (SrcSpanAnn (ApiAnnNotUsed) { KindSigs.hs:15:1-51 })
    (TyClD
     (NoExtField)
     (SynDecl
      (ApiAnn
       (Anchor
        { KindSigs.hs:15:1-51 })
       [(AddApiAnn AnnType { KindSigs.hs:15:1-4 })
       ,(AddApiAnn AnnEqual { KindSigs.hs:15:12 })]
       [])
      (L
       (SrcSpanAnn (ApiAnnNotUsed) { KindSigs.hs:15:6-8 })
       (Unqual
        {OccName: Bar}))
      (HsQTvs
       (NoExtField)
       [(L
         (SrcSpanAnn (ApiAnnNotUsed) { KindSigs.hs:15:10 })
         (UserTyVar
          (ApiAnn
           (Anchor
            { KindSigs.hs:15:10 })
           []
           [])
          (())
          (L
           (SrcSpanAnn (ApiAnnNotUsed) { KindSigs.hs:15:10 })
           (Unqual
            {OccName: a}))))])
      (Prefix)
      (L
       (SrcSpanAnn (ApiAnnNotUsed) { KindSigs.hs:15:14-51 })
       (HsTupleTy
        (ApiAnn
         (Anchor
          { KindSigs.hs:15:14 })
         (AnnParen
          (AnnParens)
          { KindSigs.hs:15:14 }
          { KindSigs.hs:15:51 })
         [])
        (HsBoxedOrConstraintTuple)
        [(L
          (SrcSpanAnn (ApiAnn
                       (Anchor
                        { KindSigs.hs:15:16-26 })
                       (AnnListItem
                        [(AddCommaAnn
                          { KindSigs.hs:15:27 })])
                       []) { KindSigs.hs:15:16-26 })
          (HsKindSig
           (ApiAnn
            (Anchor
             { KindSigs.hs:15:16-18 })
            [(AddApiAnn AnnDcolon { KindSigs.hs:15:20-21 })]
            [])
           (L
            (SrcSpanAnn (ApiAnnNotUsed) { KindSigs.hs:15:16-18 })
            (HsTyVar
             (ApiAnn
              (Anchor
               { KindSigs.hs:15:16-18 })
              []
              [])
             (NotPromoted)
             (L
              (SrcSpanAnn (ApiAnnNotUsed) { KindSigs.hs:15:16-18 })
              (Unqual
               {OccName: Int}))))
           (L
            (SrcSpanAnn (ApiAnnNotUsed) { KindSigs.hs:15:23-26 })
            (HsTyVar
             (ApiAnn
              (Anchor
               { KindSigs.hs:15:23-26 })
              []
              [])
             (NotPromoted)
             (L
              (SrcSpanAnn (ApiAnnNotUsed) { KindSigs.hs:15:23-26 })
              (Unqual
               {OccName: Type}))))))
        ,(L
          (SrcSpanAnn (ApiAnn
                       (Anchor
                        { KindSigs.hs:15:29-32 })
                       (AnnListItem
                        [(AddCommaAnn
                          { KindSigs.hs:15:33 })])
                       []) { KindSigs.hs:15:29-32 })
          (HsTyVar
           (ApiAnn
            (Anchor
             { KindSigs.hs:15:29-32 })
            []
            [])
           (NotPromoted)
           (L
            (SrcSpanAnn (ApiAnnNotUsed) { KindSigs.hs:15:29-32 })
            (Unqual
             {OccName: Bool}))))
        ,(L
          (SrcSpanAnn (ApiAnnNotUsed) { KindSigs.hs:15:35-49 })
          (HsKindSig
           (ApiAnn
            (Anchor
             { KindSigs.hs:15:35-41 })
            [(AddApiAnn AnnDcolon { KindSigs.hs:15:43-44 })]
            [])
           (L
            (SrcSpanAnn (ApiAnnNotUsed) { KindSigs.hs:15:35-41 })
            (HsAppTy
             (NoExtField)
             (L
              (SrcSpanAnn (ApiAnnNotUsed) { KindSigs.hs:15:35-39 })
              (HsTyVar
               (ApiAnn
                (Anchor
                 { KindSigs.hs:15:35-39 })
                []
                [])
               (NotPromoted)
               (L
                (SrcSpanAnn (ApiAnnNotUsed) { KindSigs.hs:15:35-39 })
                (Unqual
                 {OccName: Maybe}))))
             (L
              (SrcSpanAnn (ApiAnnNotUsed) { KindSigs.hs:15:41 })
              (HsTyVar
               (ApiAnn
                (Anchor
                 { KindSigs.hs:15:41 })
                []
                [])
               (NotPromoted)
               (L
                (SrcSpanAnn (ApiAnnNotUsed) { KindSigs.hs:15:41 })
                (Unqual
                 {OccName: a}))))))
           (L
            (SrcSpanAnn (ApiAnnNotUsed) { KindSigs.hs:15:46-49 })
            (HsTyVar
             (ApiAnn
              (Anchor
               { KindSigs.hs:15:46-49 })
              []
              [])
             (NotPromoted)
             (L
              (SrcSpanAnn (ApiAnnNotUsed) { KindSigs.hs:15:46-49 })
              (Unqual
               {OccName: Type}))))))])))))
  ,(L
    (SrcSpanAnn (ApiAnnNotUsed) { KindSigs.hs:16:1-54 })
    (TyClD
     (NoExtField)
     (SynDecl
      (ApiAnn
       (Anchor
        { KindSigs.hs:16:1-54 })
       [(AddApiAnn AnnType { KindSigs.hs:16:1-4 })
       ,(AddApiAnn AnnEqual { KindSigs.hs:16:13 })]
       [])
      (L
       (SrcSpanAnn (ApiAnnNotUsed) { KindSigs.hs:16:6-9 })
       (Unqual
        {OccName: Bar'}))
      (HsQTvs
       (NoExtField)
       [(L
         (SrcSpanAnn (ApiAnnNotUsed) { KindSigs.hs:16:11 })
         (UserTyVar
          (ApiAnn
           (Anchor
            { KindSigs.hs:16:11 })
           []
           [])
          (())
          (L
           (SrcSpanAnn (ApiAnnNotUsed) { KindSigs.hs:16:11 })
           (Unqual
            {OccName: a}))))])
      (Prefix)
      (L
       (SrcSpanAnn (ApiAnnNotUsed) { KindSigs.hs:16:15-54 })
       (HsTupleTy
        (ApiAnn
         (Anchor
          { KindSigs.hs:16:15-16 })
         (AnnParen
          (AnnParensHash)
          { KindSigs.hs:16:15-16 }
          { KindSigs.hs:16:53-54 })
         [])
        (HsUnboxedTuple)
        [(L
          (SrcSpanAnn (ApiAnn
                       (Anchor
                        { KindSigs.hs:16:18-28 })
                       (AnnListItem
                        [(AddCommaAnn
                          { KindSigs.hs:16:29 })])
                       []) { KindSigs.hs:16:18-28 })
          (HsKindSig
           (ApiAnn
            (Anchor
             { KindSigs.hs:16:18-20 })
            [(AddApiAnn AnnDcolon { KindSigs.hs:16:22-23 })]
            [])
           (L
            (SrcSpanAnn (ApiAnnNotUsed) { KindSigs.hs:16:18-20 })
            (HsTyVar
             (ApiAnn
              (Anchor
               { KindSigs.hs:16:18-20 })
              []
              [])
             (NotPromoted)
             (L
              (SrcSpanAnn (ApiAnnNotUsed) { KindSigs.hs:16:18-20 })
              (Unqual
               {OccName: Int}))))
           (L
            (SrcSpanAnn (ApiAnnNotUsed) { KindSigs.hs:16:25-28 })
            (HsTyVar
             (ApiAnn
              (Anchor
               { KindSigs.hs:16:25-28 })
              []
              [])
             (NotPromoted)
             (L
              (SrcSpanAnn (ApiAnnNotUsed) { KindSigs.hs:16:25-28 })
              (Unqual
               {OccName: Type}))))))
        ,(L
          (SrcSpanAnn (ApiAnn
                       (Anchor
                        { KindSigs.hs:16:31-34 })
                       (AnnListItem
                        [(AddCommaAnn
                          { KindSigs.hs:16:35 })])
                       []) { KindSigs.hs:16:31-34 })
          (HsTyVar
           (ApiAnn
            (Anchor
             { KindSigs.hs:16:31-34 })
            []
            [])
           (NotPromoted)
           (L
            (SrcSpanAnn (ApiAnnNotUsed) { KindSigs.hs:16:31-34 })
            (Unqual
             {OccName: Bool}))))
        ,(L
          (SrcSpanAnn (ApiAnnNotUsed) { KindSigs.hs:16:37-51 })
          (HsKindSig
           (ApiAnn
            (Anchor
             { KindSigs.hs:16:37-43 })
            [(AddApiAnn AnnDcolon { KindSigs.hs:16:45-46 })]
            [])
           (L
            (SrcSpanAnn (ApiAnnNotUsed) { KindSigs.hs:16:37-43 })
            (HsAppTy
             (NoExtField)
             (L
              (SrcSpanAnn (ApiAnnNotUsed) { KindSigs.hs:16:37-41 })
              (HsTyVar
               (ApiAnn
                (Anchor
                 { KindSigs.hs:16:37-41 })
                []
                [])
               (NotPromoted)
               (L
                (SrcSpanAnn (ApiAnnNotUsed) { KindSigs.hs:16:37-41 })
                (Unqual
                 {OccName: Maybe}))))
             (L
              (SrcSpanAnn (ApiAnnNotUsed) { KindSigs.hs:16:43 })
              (HsTyVar
               (ApiAnn
                (Anchor
                 { KindSigs.hs:16:43 })
                []
                [])
               (NotPromoted)
               (L
                (SrcSpanAnn (ApiAnnNotUsed) { KindSigs.hs:16:43 })
                (Unqual
                 {OccName: a}))))))
           (L
            (SrcSpanAnn (ApiAnnNotUsed) { KindSigs.hs:16:48-51 })
            (HsTyVar
             (ApiAnn
              (Anchor
               { KindSigs.hs:16:48-51 })
              []
              [])
             (NotPromoted)
             (L
              (SrcSpanAnn (ApiAnnNotUsed) { KindSigs.hs:16:48-51 })
              (Unqual
               {OccName: Type}))))))])))))
  ,(L
    (SrcSpanAnn (ApiAnnNotUsed) { KindSigs.hs:19:1-26 })
    (TyClD
     (NoExtField)
     (SynDecl
      (ApiAnn
       (Anchor
        { KindSigs.hs:19:1-26 })
       [(AddApiAnn AnnType { KindSigs.hs:19:1-4 })
       ,(AddApiAnn AnnEqual { KindSigs.hs:19:10 })]
       [])
      (L
       (SrcSpanAnn (ApiAnnNotUsed) { KindSigs.hs:19:6-8 })
       (Unqual
        {OccName: Baz}))
      (HsQTvs
       (NoExtField)
       [])
      (Prefix)
      (L
       (SrcSpanAnn (ApiAnnNotUsed) { KindSigs.hs:19:12-26 })
       (HsListTy
        (ApiAnn
         (Anchor
          { KindSigs.hs:19:12 })
         (AnnParen
          (AnnParensSquare)
          { KindSigs.hs:19:12 }
          { KindSigs.hs:19:26 })
         [])
        (L
         (SrcSpanAnn (ApiAnnNotUsed) { KindSigs.hs:19:14-24 })
         (HsKindSig
          (ApiAnn
           (Anchor
            { KindSigs.hs:19:14-16 })
           [(AddApiAnn AnnDcolon { KindSigs.hs:19:18-19 })]
           [])
          (L
           (SrcSpanAnn (ApiAnnNotUsed) { KindSigs.hs:19:14-16 })
           (HsTyVar
            (ApiAnn
             (Anchor
              { KindSigs.hs:19:14-16 })
             []
             [])
            (NotPromoted)
            (L
             (SrcSpanAnn (ApiAnnNotUsed) { KindSigs.hs:19:14-16 })
             (Unqual
              {OccName: Int}))))
          (L
           (SrcSpanAnn (ApiAnnNotUsed) { KindSigs.hs:19:21-24 })
           (HsTyVar
            (ApiAnn
             (Anchor
              { KindSigs.hs:19:21-24 })
             []
             [])
            (NotPromoted)
            (L
             (SrcSpanAnn (ApiAnnNotUsed) { KindSigs.hs:19:21-24 })
             (Unqual
              {OccName: Type})))))))))))
  ,(L
    (SrcSpanAnn (ApiAnnNotUsed) { KindSigs.hs:22:1-44 })
    (SigD
     (NoExtField)
     (TypeSig
      (ApiAnn
       (Anchor
        { KindSigs.hs:22:1-3 })
       [(AddApiAnn AnnDcolon { KindSigs.hs:22:5-6 })]
       [])
      [(L
        (SrcSpanAnn (ApiAnnNotUsed) { KindSigs.hs:22:1-3 })
        (Unqual
         {OccName: qux}))]
      (HsWC
       (NoExtField)
       (L
        (SrcSpanAnn (ApiAnnNotUsed) { KindSigs.hs:22:8-44 })
        (HsSig
         (NoExtField)
         (HsOuterImplicit
          (NoExtField))
         (L
          (SrcSpanAnn (ApiAnnNotUsed) { KindSigs.hs:22:8-44 })
          (HsFunTy
           (ApiAnn
            (Anchor
             { KindSigs.hs:22:8-20 })
            (AddRarrowAnn
             { KindSigs.hs:22:22-23 })
            [])
           (HsUnrestrictedArrow
            (NormalSyntax))
           (L
            (SrcSpanAnn (ApiAnnNotUsed) { KindSigs.hs:22:8-20 })
            (HsParTy
             (ApiAnn
              (Anchor
               { KindSigs.hs:22:8 })
              (AnnParen
               (AnnParens)
               { KindSigs.hs:22:8 }
               { KindSigs.hs:22:20 })
              [])
             (L
              (SrcSpanAnn (ApiAnnNotUsed) { KindSigs.hs:22:9-19 })
              (HsKindSig
               (ApiAnn
                (Anchor
                 { KindSigs.hs:22:9-11 })
                [(AddApiAnn AnnDcolon { KindSigs.hs:22:13-14 })]
                [])
               (L
                (SrcSpanAnn (ApiAnnNotUsed) { KindSigs.hs:22:9-11 })
                (HsTyVar
                 (ApiAnn
                  (Anchor
                   { KindSigs.hs:22:9-11 })
                  []
                  [])
                 (NotPromoted)
                 (L
                  (SrcSpanAnn (ApiAnnNotUsed) { KindSigs.hs:22:9-11 })
                  (Unqual
                   {OccName: Int}))))
               (L
                (SrcSpanAnn (ApiAnnNotUsed) { KindSigs.hs:22:16-19 })
                (HsTyVar
                 (ApiAnn
                  (Anchor
                   { KindSigs.hs:22:16-19 })
                  []
                  [])
                 (NotPromoted)
                 (L
                  (SrcSpanAnn (ApiAnnNotUsed) { KindSigs.hs:22:16-19 })
                  (Unqual
                   {OccName: Type}))))))))
           (L
            (SrcSpanAnn (ApiAnnNotUsed) { KindSigs.hs:22:25-44 })
            (HsFunTy
             (ApiAnn
              (Anchor
               { KindSigs.hs:22:25-28 })
              (AddRarrowAnn
               { KindSigs.hs:22:30-31 })
              [])
             (HsUnrestrictedArrow
              (NormalSyntax))
             (L
              (SrcSpanAnn (ApiAnnNotUsed) { KindSigs.hs:22:25-28 })
              (HsTyVar
               (ApiAnn
                (Anchor
                 { KindSigs.hs:22:25-28 })
                []
                [])
               (NotPromoted)
               (L
                (SrcSpanAnn (ApiAnnNotUsed) { KindSigs.hs:22:25-28 })
                (Unqual
                 {OccName: Bool}))))
             (L
              (SrcSpanAnn (ApiAnnNotUsed) { KindSigs.hs:22:33-44 })
              (HsParTy
               (ApiAnn
                (Anchor
                 { KindSigs.hs:22:33 })
                (AnnParen
                 (AnnParens)
                 { KindSigs.hs:22:33 }
                 { KindSigs.hs:22:44 })
                [])
               (L
                (SrcSpanAnn (ApiAnnNotUsed) { KindSigs.hs:22:34-43 })
                (HsKindSig
                 (ApiAnn
                  (Anchor
                   { KindSigs.hs:22:34-35 })
                  [(AddApiAnn AnnDcolon { KindSigs.hs:22:37-38 })]
                  [])
                 (L
                  (SrcSpanAnn (ApiAnnNotUsed) { KindSigs.hs:22:34-35 })
                  (HsTupleTy
                   (ApiAnn
                    (Anchor
                     { KindSigs.hs:22:34 })
                    (AnnParen
                     (AnnParens)
                     { KindSigs.hs:22:34 }
                     { KindSigs.hs:22:35 })
                    [])
                   (HsBoxedOrConstraintTuple)
                   []))
                 (L
                  (SrcSpanAnn (ApiAnnNotUsed) { KindSigs.hs:22:40-43 })
                  (HsTyVar
                   (ApiAnn
                    (Anchor
                     { KindSigs.hs:22:40-43 })
                    []
                    [])
                   (NotPromoted)
                   (L
                    (SrcSpanAnn (ApiAnnNotUsed) { KindSigs.hs:22:40-43 })
                    (Unqual
                     {OccName: Type}))))))))))))))))))
  ,(L
    (SrcSpanAnn (ApiAnnNotUsed) { KindSigs.hs:23:1-12 })
    (ValD
     (NoExtField)
     (FunBind
      (NoExtField)
      (L
       (SrcSpanAnn (ApiAnnNotUsed) { KindSigs.hs:23:1-3 })
       (Unqual
        {OccName: qux}))
      (MG
       (NoExtField)
       (L
        (SrcSpanAnn (ApiAnnNotUsed) { KindSigs.hs:23:1-12 })
        [(L
          (SrcSpanAnn (ApiAnnNotUsed) { KindSigs.hs:23:1-12 })
          (Match
           (ApiAnn
            (Anchor
             { KindSigs.hs:23:1-12 })
            []
            [])
           (FunRhs
            (L
             (SrcSpanAnn (ApiAnnNotUsed) { KindSigs.hs:23:1-3 })
             (Unqual
              {OccName: qux}))
            (Prefix)
            (NoSrcStrict))
           [(L
             (SrcSpanAnn (ApiAnnNotUsed) { KindSigs.hs:23:5 })
             (WildPat
              (NoExtField)))
           ,(L
             (SrcSpanAnn (ApiAnnNotUsed) { KindSigs.hs:23:7 })
             (WildPat
              (NoExtField)))]
           (GRHSs
            (NoExtField)
            [(L
              { KindSigs.hs:23:9-12 }
              (GRHS
               (ApiAnn
                (Anchor
                 { KindSigs.hs:23:9-12 })
                (GrhsAnn
                 (Nothing)
                 (AddApiAnn AnnEqual { KindSigs.hs:23:9 }))
                [])
               []
               (L
                (SrcSpanAnn (ApiAnnNotUsed) { KindSigs.hs:23:11-12 })
                (HsVar
                 (NoExtField)
                 (L
                  (SrcSpanAnn (ApiAnn
                               (Anchor
                                { KindSigs.hs:23:11-12 })
                               (NameAnnOnly
                                (NameParens)
                                { KindSigs.hs:23:11 }
                                { KindSigs.hs:23:12 }
                                [])
                               []) { KindSigs.hs:23:11-12 })
                  (Exact
                   {Name: ()}))))))]
            (EmptyLocalBinds
             (NoExtField)))))])
       (FromSource))
      [])))
  ,(L
    (SrcSpanAnn (ApiAnnNotUsed) { KindSigs.hs:26:1-29 })
    (TyClD
     (NoExtField)
     (SynDecl
      (ApiAnn
       (Anchor
        { KindSigs.hs:26:1-29 })
       [(AddApiAnn AnnType { KindSigs.hs:26:1-4 })
       ,(AddApiAnn AnnEqual { KindSigs.hs:26:11 })]
       [])
      (L
       (SrcSpanAnn (ApiAnnNotUsed) { KindSigs.hs:26:6-9 })
       (Unqual
        {OccName: Quux}))
      (HsQTvs
       (NoExtField)
       [])
      (Prefix)
      (L
       (SrcSpanAnn (ApiAnnNotUsed) { KindSigs.hs:26:13-29 })
       (HsExplicitListTy
        (ApiAnn
         (Anchor
          { KindSigs.hs:26:13 })
         [(AddApiAnn AnnSimpleQuote { KindSigs.hs:26:13 })
         ,(AddApiAnn AnnOpenS { KindSigs.hs:26:14 })
         ,(AddApiAnn AnnCloseS { KindSigs.hs:26:29 })]
         [])
        (IsPromoted)
        [(L
          (SrcSpanAnn (ApiAnnNotUsed) { KindSigs.hs:26:16-27 })
          (HsKindSig
           (ApiAnn
            (Anchor
             { KindSigs.hs:26:16-19 })
            [(AddApiAnn AnnDcolon { KindSigs.hs:26:21-22 })]
            [])
           (L
            (SrcSpanAnn (ApiAnnNotUsed) { KindSigs.hs:26:16-19 })
            (HsTyVar
             (ApiAnn
              (Anchor
               { KindSigs.hs:26:16-19 })
              []
              [])
             (NotPromoted)
             (L
              (SrcSpanAnn (ApiAnnNotUsed) { KindSigs.hs:26:16-19 })
              (Unqual
               {OccName: True}))))
           (L
            (SrcSpanAnn (ApiAnnNotUsed) { KindSigs.hs:26:24-27 })
            (HsTyVar
             (ApiAnn
              (Anchor
               { KindSigs.hs:26:24-27 })
              []
              [])
             (NotPromoted)
             (L
              (SrcSpanAnn (ApiAnnNotUsed) { KindSigs.hs:26:24-27 })
              (Unqual
               {OccName: Bool}))))))])))))
  ,(L
    (SrcSpanAnn (ApiAnnNotUsed) { KindSigs.hs:27:1-45 })
    (TyClD
     (NoExtField)
     (SynDecl
      (ApiAnn
       (Anchor
        { KindSigs.hs:27:1-45 })
       [(AddApiAnn AnnType { KindSigs.hs:27:1-4 })
       ,(AddApiAnn AnnEqual { KindSigs.hs:27:12 })]
       [])
      (L
       (SrcSpanAnn (ApiAnnNotUsed) { KindSigs.hs:27:6-10 })
       (Unqual
        {OccName: Quux'}))
      (HsQTvs
       (NoExtField)
       [])
      (Prefix)
      (L
       (SrcSpanAnn (ApiAnnNotUsed) { KindSigs.hs:27:14-45 })
       (HsExplicitListTy
        (ApiAnn
         (Anchor
          { KindSigs.hs:27:14 })
         [(AddApiAnn AnnOpenS { KindSigs.hs:27:14 })
         ,(AddApiAnn AnnCloseS { KindSigs.hs:27:45 })]
         [])
        (NotPromoted)
        [(L
          (SrcSpanAnn (ApiAnn
                       (Anchor
                        { KindSigs.hs:27:16-27 })
                       (AnnListItem
                        [(AddCommaAnn
                          { KindSigs.hs:27:28 })])
                       []) { KindSigs.hs:27:16-27 })
          (HsKindSig
           (ApiAnn
            (Anchor
             { KindSigs.hs:27:16-19 })
            [(AddApiAnn AnnDcolon { KindSigs.hs:27:21-22 })]
            [])
           (L
            (SrcSpanAnn (ApiAnnNotUsed) { KindSigs.hs:27:16-19 })
            (HsTyVar
             (ApiAnn
              (Anchor
               { KindSigs.hs:27:16-19 })
              []
              [])
             (NotPromoted)
             (L
              (SrcSpanAnn (ApiAnnNotUsed) { KindSigs.hs:27:16-19 })
              (Unqual
               {OccName: True}))))
           (L
            (SrcSpanAnn (ApiAnnNotUsed) { KindSigs.hs:27:24-27 })
            (HsTyVar
             (ApiAnn
              (Anchor
               { KindSigs.hs:27:24-27 })
              []
              [])
             (NotPromoted)
             (L
              (SrcSpanAnn (ApiAnnNotUsed) { KindSigs.hs:27:24-27 })
              (Unqual
               {OccName: Bool}))))))
        ,(L
          (SrcSpanAnn (ApiAnnNotUsed) { KindSigs.hs:27:30-42 })
          (HsKindSig
           (ApiAnn
            (Anchor
             { KindSigs.hs:27:30-34 })
            [(AddApiAnn AnnDcolon { KindSigs.hs:27:36-37 })]
            [])
           (L
            (SrcSpanAnn (ApiAnnNotUsed) { KindSigs.hs:27:30-34 })
            (HsTyVar
             (ApiAnn
              (Anchor
               { KindSigs.hs:27:30-34 })
              []
              [])
             (NotPromoted)
             (L
              (SrcSpanAnn (ApiAnnNotUsed) { KindSigs.hs:27:30-34 })
              (Unqual
               {OccName: False}))))
           (L
            (SrcSpanAnn (ApiAnnNotUsed) { KindSigs.hs:27:39-42 })
            (HsTyVar
             (ApiAnn
              (Anchor
               { KindSigs.hs:27:39-42 })
              []
              [])
             (NotPromoted)
             (L
              (SrcSpanAnn (ApiAnnNotUsed) { KindSigs.hs:27:39-42 })
              (Unqual
               {OccName: Bool}))))))])))))
  ,(L
    (SrcSpanAnn (ApiAnnNotUsed) { KindSigs.hs:28:1-44 })
    (TyClD
     (NoExtField)
     (SynDecl
      (ApiAnn
       (Anchor
        { KindSigs.hs:28:1-44 })
       [(AddApiAnn AnnType { KindSigs.hs:28:1-4 })
       ,(AddApiAnn AnnEqual { KindSigs.hs:28:14 })]
       [])
      (L
       (SrcSpanAnn (ApiAnnNotUsed) { KindSigs.hs:28:6-10 })
       (Unqual
        {OccName: Quuux}))
      (HsQTvs
       (NoExtField)
       [(L
         (SrcSpanAnn (ApiAnnNotUsed) { KindSigs.hs:28:12 })
         (UserTyVar
          (ApiAnn
           (Anchor
            { KindSigs.hs:28:12 })
           []
           [])
          (())
          (L
           (SrcSpanAnn (ApiAnnNotUsed) { KindSigs.hs:28:12 })
           (Unqual
            {OccName: b}))))])
      (Prefix)
      (L
       (SrcSpanAnn (ApiAnnNotUsed) { KindSigs.hs:28:16-44 })
       (HsExplicitTupleTy
        (ApiAnn
         (Anchor
          { KindSigs.hs:28:16 })
         [(AddApiAnn AnnSimpleQuote { KindSigs.hs:28:16 })
         ,(AddApiAnn AnnOpenP { KindSigs.hs:28:17 })
         ,(AddApiAnn AnnCloseP { KindSigs.hs:28:44 })]
         [])
        [(L
          (SrcSpanAnn (ApiAnn
                       (Anchor
                        { KindSigs.hs:28:19-39 })
                       (AnnListItem
                        [(AddCommaAnn
                          { KindSigs.hs:28:40 })])
                       []) { KindSigs.hs:28:19-39 })
          (HsKindSig
           (ApiAnn
            (Anchor
             { KindSigs.hs:28:19-29 })
            [(AddApiAnn AnnDcolon { KindSigs.hs:28:31-32 })]
            [])
           (L
            (SrcSpanAnn (ApiAnnNotUsed) { KindSigs.hs:28:19-29 })
            (HsExplicitListTy
             (ApiAnn
              (Anchor
               { KindSigs.hs:28:19 })
              [(AddApiAnn AnnOpenS { KindSigs.hs:28:19 })
              ,(AddApiAnn AnnCloseS { KindSigs.hs:28:29 })]
              [])
             (NotPromoted)
             [(L
               (SrcSpanAnn (ApiAnn
                            (Anchor
                             { KindSigs.hs:28:20-22 })
                            (AnnListItem
                             [(AddCommaAnn
                               { KindSigs.hs:28:23 })])
                            []) { KindSigs.hs:28:20-22 })
               (HsTyVar
                (ApiAnn
                 (Anchor
                  { KindSigs.hs:28:20-22 })
                 []
                 [])
                (NotPromoted)
                (L
                 (SrcSpanAnn (ApiAnnNotUsed) { KindSigs.hs:28:20-22 })
                 (Unqual
                  {OccName: Int}))))
             ,(L
               (SrcSpanAnn (ApiAnnNotUsed) { KindSigs.hs:28:25-28 })
               (HsTyVar
                (ApiAnn
                 (Anchor
                  { KindSigs.hs:28:25-28 })
                 []
                 [])
                (NotPromoted)
                (L
                 (SrcSpanAnn (ApiAnnNotUsed) { KindSigs.hs:28:25-28 })
                 (Unqual
                  {OccName: Bool}))))]))
           (L
            (SrcSpanAnn (ApiAnnNotUsed) { KindSigs.hs:28:34-39 })
            (HsListTy
             (ApiAnn
              (Anchor
               { KindSigs.hs:28:34 })
              (AnnParen
               (AnnParensSquare)
               { KindSigs.hs:28:34 }
               { KindSigs.hs:28:39 })
              [])
             (L
              (SrcSpanAnn (ApiAnnNotUsed) { KindSigs.hs:28:35-38 })
              (HsTyVar
               (ApiAnn
                (Anchor
                 { KindSigs.hs:28:35-38 })
                []
                [])
               (NotPromoted)
               (L
                (SrcSpanAnn (ApiAnnNotUsed) { KindSigs.hs:28:35-38 })
                (Unqual
                 {OccName: Type}))))))))
        ,(L
          (SrcSpanAnn (ApiAnnNotUsed) { KindSigs.hs:28:42 })
          (HsTyVar
           (ApiAnn
            (Anchor
             { KindSigs.hs:28:42 })
            []
            [])
           (NotPromoted)
           (L
            (SrcSpanAnn (ApiAnnNotUsed) { KindSigs.hs:28:42 })
            (Unqual
             {OccName: b}))))])))))
  ,(L
    (SrcSpanAnn (ApiAnnNotUsed) { KindSigs.hs:31:1-31 })
    (TyClD
     (NoExtField)
     (SynDecl
      (ApiAnn
       (Anchor
        { KindSigs.hs:31:1-31 })
       [(AddApiAnn AnnType { KindSigs.hs:31:1-4 })
       ,(AddApiAnn AnnEqual { KindSigs.hs:31:19 })]
       [])
      (L
       (SrcSpanAnn (ApiAnnNotUsed) { KindSigs.hs:31:6-17 })
       (Unqual
        {OccName: Sarsaparilla}))
      (HsQTvs
       (NoExtField)
       [])
      (Prefix)
      (L
       (SrcSpanAnn (ApiAnnNotUsed) { KindSigs.hs:31:21-31 })
       (HsKindSig
        (ApiAnn
         (Anchor
          { KindSigs.hs:31:21-23 })
         [(AddApiAnn AnnDcolon { KindSigs.hs:31:25-26 })]
         [])
        (L
         (SrcSpanAnn (ApiAnnNotUsed) { KindSigs.hs:31:21-23 })
         (HsTyVar
          (ApiAnn
           (Anchor
            { KindSigs.hs:31:21-23 })
           []
           [])
          (NotPromoted)
          (L
           (SrcSpanAnn (ApiAnnNotUsed) { KindSigs.hs:31:21-23 })
           (Unqual
            {OccName: Int}))))
        (L
         (SrcSpanAnn (ApiAnnNotUsed) { KindSigs.hs:31:28-31 })
         (HsTyVar
          (ApiAnn
           (Anchor
            { KindSigs.hs:31:28-31 })
           []
           [])
          (NotPromoted)
          (L
           (SrcSpanAnn (ApiAnnNotUsed) { KindSigs.hs:31:28-31 })
           (Unqual
            {OccName: Type})))))))))
  ,(L
    (SrcSpanAnn (ApiAnnNotUsed) { KindSigs.hs:34:1-22 })
    (SigD
     (NoExtField)
     (TypeSig
      (ApiAnn
       (Anchor
        { KindSigs.hs:34:1-4 })
       [(AddApiAnn AnnDcolon { KindSigs.hs:34:6-7 })]
       [])
      [(L
        (SrcSpanAnn (ApiAnnNotUsed) { KindSigs.hs:34:1-4 })
        (Unqual
         {OccName: true}))]
      (HsWC
       (NoExtField)
       (L
        (SrcSpanAnn (ApiAnnNotUsed) { KindSigs.hs:34:9-22 })
        (HsSig
         (NoExtField)
         (HsOuterImplicit
          (NoExtField))
         (L
          (SrcSpanAnn (ApiAnnNotUsed) { KindSigs.hs:34:9-22 })
          (HsParTy
           (ApiAnn
            (Anchor
             { KindSigs.hs:34:9 })
            (AnnParen
             (AnnParens)
             { KindSigs.hs:34:9 }
             { KindSigs.hs:34:22 })
            [])
           (L
            (SrcSpanAnn (ApiAnnNotUsed) { KindSigs.hs:34:10-21 })
            (HsKindSig
             (ApiAnn
              (Anchor
               { KindSigs.hs:34:10-13 })
              [(AddApiAnn AnnDcolon { KindSigs.hs:34:15-16 })]
              [])
             (L
              (SrcSpanAnn (ApiAnnNotUsed) { KindSigs.hs:34:10-13 })
              (HsTyVar
               (ApiAnn
                (Anchor
                 { KindSigs.hs:34:10-13 })
                []
                [])
               (NotPromoted)
               (L
                (SrcSpanAnn (ApiAnnNotUsed) { KindSigs.hs:34:10-13 })
                (Unqual
                 {OccName: Bool}))))
             (L
              (SrcSpanAnn (ApiAnnNotUsed) { KindSigs.hs:34:18-21 })
              (HsTyVar
               (ApiAnn
                (Anchor
                 { KindSigs.hs:34:18-21 })
                []
                [])
               (NotPromoted)
               (L
                (SrcSpanAnn (ApiAnnNotUsed) { KindSigs.hs:34:18-21 })
                (Unqual
                 {OccName: Type}))))))))))))))
  ,(L
    (SrcSpanAnn (ApiAnnNotUsed) { KindSigs.hs:35:1-11 })
    (ValD
     (NoExtField)
     (FunBind
      (NoExtField)
      (L
       (SrcSpanAnn (ApiAnnNotUsed) { KindSigs.hs:35:1-4 })
       (Unqual
        {OccName: true}))
      (MG
       (NoExtField)
       (L
        (SrcSpanAnn (ApiAnnNotUsed) { KindSigs.hs:35:1-11 })
        [(L
          (SrcSpanAnn (ApiAnnNotUsed) { KindSigs.hs:35:1-11 })
          (Match
           (ApiAnn
            (Anchor
             { KindSigs.hs:35:1-11 })
            []
            [])
           (FunRhs
            (L
             (SrcSpanAnn (ApiAnnNotUsed) { KindSigs.hs:35:1-4 })
             (Unqual
              {OccName: true}))
            (Prefix)
            (NoSrcStrict))
           []
           (GRHSs
            (NoExtField)
            [(L
              { KindSigs.hs:35:6-11 }
              (GRHS
               (ApiAnn
                (Anchor
                 { KindSigs.hs:35:6-11 })
                (GrhsAnn
                 (Nothing)
                 (AddApiAnn AnnEqual { KindSigs.hs:35:6 }))
                [])
               []
               (L
                (SrcSpanAnn (ApiAnnNotUsed) { KindSigs.hs:35:8-11 })
                (HsVar
                 (NoExtField)
                 (L
                  (SrcSpanAnn (ApiAnnNotUsed) { KindSigs.hs:35:8-11 })
                  (Unqual
                   {OccName: True}))))))]
            (EmptyLocalBinds
             (NoExtField)))))])
       (FromSource))
      [])))]
  (Nothing)
  (Nothing)))
