
==================== Parser AST ====================

(L
 { T15323.hs:1:1 }
 (HsModule
  (ApiAnn
   { T15323.hs:1:1 }
   (AnnsModule
    [(AddApiAnn AnnModule { T15323.hs:3:1-6 })
    ,(AddApiAnn AnnWhere { T15323.hs:3:15-19 })]
    (AnnList
     (Nothing)
     (Nothing)
     []
     []))
   [])
  (VirtualBraces
   (1))
  (Just
   (L
    { T15323.hs:3:8-13 }
    {ModuleName: T15323}))
  (Nothing)
  []
  [(L
    (SrcSpanAnn (ApiAnnNotUsed) { T15323.hs:(5,1)-(6,54) })
    (TyClD
     (NoExtField)
     (DataDecl
      (ApiAnn
       { T15323.hs:(5,1)-(6,54) }
       [(AddApiAnn AnnData { T15323.hs:5:1-4 })
       ,(AddApiAnn AnnWhere { T15323.hs:5:21-25 })]
       [])
      (L
       (SrcSpanAnn (ApiAnnNotUsed) { T15323.hs:5:6-17 })
       (Unqual
        {OccName: MaybeDefault}))
      (HsQTvs
       (NoExtField)
       [(L
         (SrcSpanAnn (ApiAnnNotUsed) { T15323.hs:5:19 })
         (UserTyVar
          (ApiAnn
           { T15323.hs:5:19 }
           []
           [])
          (())
          (L
           (SrcSpanAnn (ApiAnnNotUsed) { T15323.hs:5:19 })
           (Unqual
            {OccName: v}))))])
      (Prefix)
      (HsDataDefn
       (ApiAnn
        { T15323.hs:(5,1)-(6,54) }
        [(AddApiAnn AnnData { T15323.hs:5:1-4 })
        ,(AddApiAnn AnnWhere { T15323.hs:5:21-25 })]
        [])
       (DataType)
       (Nothing)
       (Nothing)
       (Nothing)
       [(L
         (SrcSpanAnn (ApiAnnNotUsed) { T15323.hs:6:5-54 })
         (ConDeclGADT
          (ApiAnn
           { T15323.hs:6:5-54 }
           [(AddApiAnn AnnDcolon { T15323.hs:6:17-18 })]
           [])
          [(L
            (SrcSpanAnn (ApiAnnNotUsed) { T15323.hs:6:5-14 })
            (Unqual
             {OccName: TestParens}))]
          (L
           (SrcSpanAnn (ApiAnnNotUsed) { T15323.hs:6:20-54 })
           (HsOuterExplicit
            (ApiAnn
             { T15323.hs:6:20-25 }
             ((,)
              (AddApiAnn AnnForall { T15323.hs:6:20-25 })
              (AddApiAnn AnnDot { T15323.hs:6:29 }))
             [])
          [(L
            (SrcSpanAnn (ApiAnnNotUsed) { T15323.hs:6:27 })
            (UserTyVar
             (ApiAnn
              { T15323.hs:6:27 }
              []
              [])
             (SpecifiedSpec)
             (L
              (SrcSpanAnn (ApiAnnNotUsed) { T15323.hs:6:27 })
              (Unqual
                 {OccName: v}))))]))
          (Just
           (L
            (SrcSpanAnn (ApiAnn
                         { T15323.hs:6:31-36 }
                         (AnnContext
                          (Just
                           ((,)
                            (NormalSyntax)
                            { T15323.hs:6:38-39 }))
                          [{ T15323.hs:6:31 }]
                          [{ T15323.hs:6:36 }])
                         []) { T15323.hs:6:31-36 })
            [(L
              (SrcSpanAnn (ApiAnnNotUsed) { T15323.hs:6:31-36 })
              (HsParTy
               (ApiAnn
                { T15323.hs:6:31 }
                (AnnParen
                 (AnnParens)
                 { T15323.hs:6:31 }
                 { T15323.hs:6:36 })
                [])
               (L
                (SrcSpanAnn (ApiAnnNotUsed) { T15323.hs:6:32-35 })
                (HsAppTy
                 (NoExtField)
                 (L
                  (SrcSpanAnn (ApiAnnNotUsed) { T15323.hs:6:32-33 })
                  (HsTyVar
                   (ApiAnn
                    { T15323.hs:6:32-33 }
                    []
                    [])
                   (NotPromoted)
                   (L
                    (SrcSpanAnn (ApiAnnNotUsed) { T15323.hs:6:32-33 })
                    (Unqual
                     {OccName: Eq}))))
                 (L
                  (SrcSpanAnn (ApiAnnNotUsed) { T15323.hs:6:35 })
                  (HsTyVar
                   (ApiAnn
                    { T15323.hs:6:35 }
                    []
                    [])
                   (NotPromoted)
                   (L
                    (SrcSpanAnn (ApiAnnNotUsed) { T15323.hs:6:35 })
                    (Unqual
                     {OccName: v}))))))))]))
          (PrefixConGADT
           [])
          (L
           (SrcSpanAnn (ApiAnnNotUsed) { T15323.hs:6:41-54 })
           (HsAppTy
            (NoExtField)
            (L
             (SrcSpanAnn (ApiAnnNotUsed) { T15323.hs:6:41-52 })
             (HsTyVar
              (ApiAnn
               { T15323.hs:6:41-52 }
               []
               [])
              (NotPromoted)
              (L
               (SrcSpanAnn (ApiAnnNotUsed) { T15323.hs:6:41-52 })
               (Unqual
                {OccName: MaybeDefault}))))
            (L
             (SrcSpanAnn (ApiAnnNotUsed) { T15323.hs:6:54 })
             (HsTyVar
              (ApiAnn
               { T15323.hs:6:54 }
               []
               [])
              (NotPromoted)
              (L
               (SrcSpanAnn (ApiAnnNotUsed) { T15323.hs:6:54 })
               (Unqual
                {OccName: v}))))))
          (Nothing)))]
       []))))]
  (Nothing)
  (Nothing)))


