
==================== Parser AST ====================

(L
 { T18791.hs:1:1 }
 (HsModule
  (ApiAnn
   { T18791.hs:1:1 }
   (AnnsModule
    [(AddApiAnn AnnModule { T18791.hs:2:1-6 })
    ,(AddApiAnn AnnWhere { T18791.hs:2:15-19 })]
    (AnnList
     (Nothing)
     (Nothing)
     []
     []))
   [])
  (VirtualBraces
   (1))
  (Just
   (L
    { T18791.hs:2:8-13 }
    {ModuleName: T18791}))
  (Nothing)
  []
  [(L
    (SrcSpanAnn (ApiAnnNotUsed) { T18791.hs:(4,1)-(5,17) })
    (TyClD
     (NoExtField)
     (DataDecl
      (ApiAnn
       { T18791.hs:(4,1)-(5,17) }
       [(AddApiAnn AnnData { T18791.hs:4:1-4 })
       ,(AddApiAnn AnnWhere { T18791.hs:4:8-12 })]
       [])
      (L
       (SrcSpanAnn (ApiAnnNotUsed) { T18791.hs:4:6 })
       (Unqual
        {OccName: T}))
      (HsQTvs
       (NoExtField)
       [])
      (Prefix)
      (HsDataDefn
       (ApiAnn
        { T18791.hs:(4,1)-(5,17) }
        [(AddApiAnn AnnData { T18791.hs:4:1-4 })
        ,(AddApiAnn AnnWhere { T18791.hs:4:8-12 })]
        [])
       (DataType)
       (Nothing)
       (Nothing)
       (Nothing)
       [(L
         (SrcSpanAnn (ApiAnnNotUsed) { T18791.hs:5:3-17 })
         (ConDeclGADT
          (ApiAnn
           { T18791.hs:5:3-17 }
           [(AddApiAnn AnnDcolon { T18791.hs:5:7-8 })]
           [])
          [(L
            (SrcSpanAnn (ApiAnnNotUsed) { T18791.hs:5:3-5 })
            (Unqual
             {OccName: MkT}))]
          (L
           (SrcSpanAnn (ApiAnnNotUsed) { T18791.hs:5:10-17 })
           (HsOuterImplicit
            (NoExtField)))
          (Nothing)
          (PrefixConGADT
           [(HsScaled
             (HsUnrestrictedArrow
              (NormalSyntax))
             (L
              (SrcSpanAnn (ApiAnn
                           { T18791.hs:5:10-12 }
                           (AnnListItem
                            [(AddRarrowAnn
                              { T18791.hs:5:14-15 })])
                           []) { T18791.hs:5:10-12 })
              (HsTyVar
               (ApiAnn
                { T18791.hs:5:10-12 }
                []
                [])
               (NotPromoted)
               (L
                (SrcSpanAnn (ApiAnnNotUsed) { T18791.hs:5:10-12 })
                (Unqual
                 {OccName: Int})))))])
          (L
           (SrcSpanAnn (ApiAnnNotUsed) { T18791.hs:5:17 })
           (HsTyVar
            (ApiAnn
             { T18791.hs:5:17 }
             []
             [])
            (NotPromoted)
            (L
             (SrcSpanAnn (ApiAnnNotUsed) { T18791.hs:5:17 })
             (Unqual
              {OccName: T}))))
          (Nothing)))]
       []))))]
  (Nothing)
  (Nothing)))


